// Jest Snapshot v1, https://goo.gl/fbAQLP

exports[`Hello work works 1`] = `"Hello There!"`;
